// Jest Snapshot v1, https://goo.gl/fbAQLP

exports[`snapshot 1`] = `
Object {
  "x": 1,
  "y": 2,
  "z": 3,
}
`;
